// Jest Snapshot v1, https://goo.gl/fbAQLP

exports[`Input component snapshot test 1`] = `
<input
  className="sc-bdfBwQ jyVkcv"
/>
`;
